Archive member included because of file (symbol)

c:/winavr-20100110/bin/../lib/gcc/avr/4.3.3/avr5\libgcc.a(_mulsi3.o)
                              ./ECU/LM35/lm35.o (__mulsi3)
c:/winavr-20100110/bin/../lib/gcc/avr/4.3.3/avr5\libgcc.a(_udivmodhi4.o)
                              ./MCAL/Timers/timer0.o (__udivmodhi4)
c:/winavr-20100110/bin/../lib/gcc/avr/4.3.3/avr5\libgcc.a(_udivmodsi4.o)
                              ./ECU/LDR/ldr.o (__udivmodsi4)
c:/winavr-20100110/bin/../lib/gcc/avr/4.3.3/avr5\libgcc.a(_exit.o)
                              c:/winavr-20100110/bin/../lib/gcc/avr/4.3.3/../../../../avr/lib/avr5/crtm32.o (exit)
c:/winavr-20100110/bin/../lib/gcc/avr/4.3.3/avr5\libgcc.a(_copy_data.o)
                              ./MCAL/Timers/timer0.o (__do_copy_data)
c:/winavr-20100110/bin/../lib/gcc/avr/4.3.3/avr5\libgcc.a(_clear_bss.o)
                              ./MCAL/ADC/adc.o (__do_clear_bss)
c:/winavr-20100110/bin/../lib/gcc/avr/4.3.3/avr5\libgcc.a(_fixunssfsi.o)
                              ./ECU/LM35/lm35.o (__fixunssfsi)
c:/winavr-20100110/bin/../lib/gcc/avr/4.3.3/avr5\libgcc.a(_addsub_sf.o)
                              c:/winavr-20100110/bin/../lib/gcc/avr/4.3.3/avr5\libgcc.a(_fixunssfsi.o) (__subsf3)
c:/winavr-20100110/bin/../lib/gcc/avr/4.3.3/avr5\libgcc.a(_mul_sf.o)
                              ./ECU/LM35/lm35.o (__mulsf3)
c:/winavr-20100110/bin/../lib/gcc/avr/4.3.3/avr5\libgcc.a(_div_sf.o)
                              ./ECU/LM35/lm35.o (__divsf3)
c:/winavr-20100110/bin/../lib/gcc/avr/4.3.3/avr5\libgcc.a(_gt_sf.o)
                              ./ECU/LCD/lcd.o (__gtsf2)
c:/winavr-20100110/bin/../lib/gcc/avr/4.3.3/avr5\libgcc.a(_ge_sf.o)
                              c:/winavr-20100110/bin/../lib/gcc/avr/4.3.3/avr5\libgcc.a(_fixunssfsi.o) (__gesf2)
c:/winavr-20100110/bin/../lib/gcc/avr/4.3.3/avr5\libgcc.a(_lt_sf.o)
                              ./ECU/LCD/lcd.o (__ltsf2)
c:/winavr-20100110/bin/../lib/gcc/avr/4.3.3/avr5\libgcc.a(_sf_to_si.o)
                              c:/winavr-20100110/bin/../lib/gcc/avr/4.3.3/avr5\libgcc.a(_fixunssfsi.o) (__fixsfsi)
c:/winavr-20100110/bin/../lib/gcc/avr/4.3.3/avr5\libgcc.a(_thenan_sf.o)
                              c:/winavr-20100110/bin/../lib/gcc/avr/4.3.3/avr5\libgcc.a(_addsub_sf.o) (__thenan_sf)
c:/winavr-20100110/bin/../lib/gcc/avr/4.3.3/avr5\libgcc.a(_usi_to_sf.o)
                              ./ECU/LM35/lm35.o (__floatunsisf)
c:/winavr-20100110/bin/../lib/gcc/avr/4.3.3/avr5\libgcc.a(_prologue.o)
                              c:/winavr-20100110/bin/../lib/gcc/avr/4.3.3/avr5\libgcc.a(_addsub_sf.o) (__prologue_saves__)
c:/winavr-20100110/bin/../lib/gcc/avr/4.3.3/avr5\libgcc.a(_epilogue.o)
                              c:/winavr-20100110/bin/../lib/gcc/avr/4.3.3/avr5\libgcc.a(_addsub_sf.o) (__epilogue_restores__)
c:/winavr-20100110/bin/../lib/gcc/avr/4.3.3/avr5\libgcc.a(_clzsi2.o)
                              c:/winavr-20100110/bin/../lib/gcc/avr/4.3.3/avr5\libgcc.a(_usi_to_sf.o) (__clzsi2)
c:/winavr-20100110/bin/../lib/gcc/avr/4.3.3/avr5\libgcc.a(_pack_sf.o)
                              c:/winavr-20100110/bin/../lib/gcc/avr/4.3.3/avr5\libgcc.a(_addsub_sf.o) (__pack_f)
c:/winavr-20100110/bin/../lib/gcc/avr/4.3.3/avr5\libgcc.a(_unpack_sf.o)
                              c:/winavr-20100110/bin/../lib/gcc/avr/4.3.3/avr5\libgcc.a(_addsub_sf.o) (__unpack_f)
c:/winavr-20100110/bin/../lib/gcc/avr/4.3.3/avr5\libgcc.a(_fpcmp_parts_sf.o)
                              c:/winavr-20100110/bin/../lib/gcc/avr/4.3.3/avr5\libgcc.a(_gt_sf.o) (__fpcmp_parts_f)
c:/winavr-20100110/bin/../lib/gcc/avr/4.3.3/avr5\libgcc.a(_clz.o)
                              c:/winavr-20100110/bin/../lib/gcc/avr/4.3.3/avr5\libgcc.a(_clzsi2.o) (__clz_tab)
c:/winavr-20100110/bin/../lib/gcc/avr/4.3.3/../../../../avr/lib/avr5\libc.a(ltoa.o)
                              ./ECU/LCD/lcd.o (ltoa)
c:/winavr-20100110/bin/../lib/gcc/avr/4.3.3/../../../../avr/lib/avr5\libc.a(strrev.o)
                              c:/winavr-20100110/bin/../lib/gcc/avr/4.3.3/../../../../avr/lib/avr5\libc.a(ltoa.o) (strrev)

Allocating common symbols
Common symbol       size              file

g_temprature        0x1               ./ECU/Motor/motor.o
g_lightIntensity    0x1               ./ECU/Light/light.o

Memory Configuration

Name             Origin             Length             Attributes
text             0x00000000         0x00020000         xr
data             0x00800060         0x0000ffa0         rw !x
eeprom           0x00810000         0x00010000         rw !x
fuse             0x00820000         0x00000400         rw !x
lock             0x00830000         0x00000400         rw !x
signature        0x00840000         0x00000400         rw !x
*default*        0x00000000         0xffffffff

Linker script and memory map

LOAD c:/winavr-20100110/bin/../lib/gcc/avr/4.3.3/../../../../avr/lib/avr5/crtm32.o
LOAD ./MCAL/Timers/timer0.o
LOAD ./MCAL/GPIO/gpio.o
LOAD ./MCAL/ADC/adc.o
LOAD ./ECU/Motor/motor.o
LOAD ./ECU/Light/light.o
LOAD ./ECU/LM35/lm35.o
LOAD ./ECU/LED/led.o
LOAD ./ECU/LDR/ldr.o
LOAD ./ECU/LCD/lcd.o
LOAD ./ECU/FlameSensor/flame.o
LOAD ./ECU/Display/display.o
LOAD ./ECU/DCMotor/dcmotor.o
LOAD ./ECU/Buzzer/buzzer.o
LOAD ./ECU/Alarm/alarm.o
LOAD ./main.o
LOAD c:/winavr-20100110/bin/../lib/gcc/avr/4.3.3/avr5\libgcc.a
LOAD c:/winavr-20100110/bin/../lib/gcc/avr/4.3.3/../../../../avr/lib/avr5\libc.a
LOAD c:/winavr-20100110/bin/../lib/gcc/avr/4.3.3/avr5\libgcc.a

.hash
 *(.hash)

.dynsym
 *(.dynsym)

.dynstr
 *(.dynstr)

.gnu.version
 *(.gnu.version)

.gnu.version_d
 *(.gnu.version_d)

.gnu.version_r
 *(.gnu.version_r)

.rel.init
 *(.rel.init)

.rela.init
 *(.rela.init)

.rel.text
 *(.rel.text)
 *(.rel.text.*)
 *(.rel.gnu.linkonce.t*)

.rela.text
 *(.rela.text)
 *(.rela.text.*)
 *(.rela.gnu.linkonce.t*)

.rel.fini
 *(.rel.fini)

.rela.fini
 *(.rela.fini)

.rel.rodata
 *(.rel.rodata)
 *(.rel.rodata.*)
 *(.rel.gnu.linkonce.r*)

.rela.rodata
 *(.rela.rodata)
 *(.rela.rodata.*)
 *(.rela.gnu.linkonce.r*)

.rel.data
 *(.rel.data)
 *(.rel.data.*)
 *(.rel.gnu.linkonce.d*)

.rela.data
 *(.rela.data)
 *(.rela.data.*)
 *(.rela.gnu.linkonce.d*)

.rel.ctors
 *(.rel.ctors)

.rela.ctors
 *(.rela.ctors)

.rel.dtors
 *(.rel.dtors)

.rela.dtors
 *(.rela.dtors)

.rel.got
 *(.rel.got)

.rela.got
 *(.rela.got)

.rel.bss
 *(.rel.bss)

.rela.bss
 *(.rela.bss)

.rel.plt
 *(.rel.plt)

.rela.plt
 *(.rela.plt)

.text           0x00000000     0x2e0e
 *(.vectors)
 .vectors       0x00000000       0x54 c:/winavr-20100110/bin/../lib/gcc/avr/4.3.3/../../../../avr/lib/avr5/crtm32.o
                0x00000000                __vectors
                0x00000000                __vector_default
 *(.vectors)
 *(.progmem.gcc*)
 *(.progmem*)
                0x00000054                . = ALIGN (0x2)
                0x00000054                __trampolines_start = .
 *(.trampolines)
 .trampolines   0x00000054        0x0 linker stubs
 *(.trampolines*)
                0x00000054                __trampolines_end = .
 *(.jumptables)
 *(.jumptables*)
 *(.lowtext)
 *(.lowtext*)
                0x00000054                __ctors_start = .
 *(.ctors)
                0x00000054                __ctors_end = .
                0x00000054                __dtors_start = .
 *(.dtors)
                0x00000054                __dtors_end = .
 SORT(*)(.ctors)
 SORT(*)(.dtors)
 *(.init0)
 .init0         0x00000054        0x0 c:/winavr-20100110/bin/../lib/gcc/avr/4.3.3/../../../../avr/lib/avr5/crtm32.o
                0x00000054                __init
 *(.init0)
 *(.init1)
 *(.init1)
 *(.init2)
 .init2         0x00000054        0xc c:/winavr-20100110/bin/../lib/gcc/avr/4.3.3/../../../../avr/lib/avr5/crtm32.o
 *(.init2)
 *(.init3)
 *(.init3)
 *(.init4)
 .init4         0x00000060       0x16 c:/winavr-20100110/bin/../lib/gcc/avr/4.3.3/avr5\libgcc.a(_copy_data.o)
                0x00000060                __do_copy_data
 .init4         0x00000076       0x10 c:/winavr-20100110/bin/../lib/gcc/avr/4.3.3/avr5\libgcc.a(_clear_bss.o)
                0x00000076                __do_clear_bss
 *(.init4)
 *(.init5)
 *(.init5)
 *(.init6)
 *(.init6)
 *(.init7)
 *(.init7)
 *(.init8)
 *(.init8)
 *(.init9)
 .init9         0x00000086        0x8 c:/winavr-20100110/bin/../lib/gcc/avr/4.3.3/../../../../avr/lib/avr5/crtm32.o
 *(.init9)
 *(.text)
 .text          0x0000008e        0x4 c:/winavr-20100110/bin/../lib/gcc/avr/4.3.3/../../../../avr/lib/avr5/crtm32.o
                0x0000008e                __vector_1
                0x0000008e                __vector_12
                0x0000008e                __bad_interrupt
                0x0000008e                __vector_6
                0x0000008e                __vector_3
                0x0000008e                __vector_11
                0x0000008e                __vector_13
                0x0000008e                __vector_17
                0x0000008e                __vector_19
                0x0000008e                __vector_7
                0x0000008e                __vector_5
                0x0000008e                __vector_4
                0x0000008e                __vector_9
                0x0000008e                __vector_2
                0x0000008e                __vector_15
                0x0000008e                __vector_8
                0x0000008e                __vector_14
                0x0000008e                __vector_10
                0x0000008e                __vector_16
                0x0000008e                __vector_18
                0x0000008e                __vector_20
 .text          0x00000092        0x0 ./MCAL/Timers/timer0.o
 .text          0x00000092        0x0 ./MCAL/GPIO/gpio.o
 .text          0x00000092        0x0 ./MCAL/ADC/adc.o
 .text          0x00000092        0x0 ./ECU/Motor/motor.o
 .text          0x00000092        0x0 ./ECU/Light/light.o
 .text          0x00000092        0x0 ./ECU/LM35/lm35.o
 .text          0x00000092        0x0 ./ECU/LED/led.o
 .text          0x00000092        0x0 ./ECU/LDR/ldr.o
 .text          0x00000092        0x0 ./ECU/LCD/lcd.o
 .text          0x00000092        0x0 ./ECU/FlameSensor/flame.o
 .text          0x00000092        0x0 ./ECU/Display/display.o
 .text          0x00000092        0x0 ./ECU/DCMotor/dcmotor.o
 .text          0x00000092        0x0 ./ECU/Buzzer/buzzer.o
 .text          0x00000092        0x0 ./ECU/Alarm/alarm.o
 .text          0x00000092        0x0 ./main.o
 .text          0x00000092        0x0 c:/winavr-20100110/bin/../lib/gcc/avr/4.3.3/avr5\libgcc.a(_mulsi3.o)
 .text          0x00000092        0x0 c:/winavr-20100110/bin/../lib/gcc/avr/4.3.3/avr5\libgcc.a(_udivmodhi4.o)
 .text          0x00000092        0x0 c:/winavr-20100110/bin/../lib/gcc/avr/4.3.3/avr5\libgcc.a(_udivmodsi4.o)
 .text          0x00000092        0x0 c:/winavr-20100110/bin/../lib/gcc/avr/4.3.3/avr5\libgcc.a(_exit.o)
 .text          0x00000092        0x0 c:/winavr-20100110/bin/../lib/gcc/avr/4.3.3/avr5\libgcc.a(_copy_data.o)
 .text          0x00000092        0x0 c:/winavr-20100110/bin/../lib/gcc/avr/4.3.3/avr5\libgcc.a(_clear_bss.o)
 .text          0x00000092       0x58 c:/winavr-20100110/bin/../lib/gcc/avr/4.3.3/avr5\libgcc.a(_fixunssfsi.o)
                0x00000092                __fixunssfsi
 .text          0x000000ea      0x354 c:/winavr-20100110/bin/../lib/gcc/avr/4.3.3/avr5\libgcc.a(_addsub_sf.o)
                0x00000382                __subsf3
                0x000003e4                __addsf3
 .text          0x0000043e      0x1f4 c:/winavr-20100110/bin/../lib/gcc/avr/4.3.3/avr5\libgcc.a(_mul_sf.o)
                0x0000043e                __mulsf3
 .text          0x00000632      0x158 c:/winavr-20100110/bin/../lib/gcc/avr/4.3.3/avr5\libgcc.a(_div_sf.o)
                0x00000632                __divsf3
 .text          0x0000078a       0x60 c:/winavr-20100110/bin/../lib/gcc/avr/4.3.3/avr5\libgcc.a(_gt_sf.o)
                0x0000078a                __gtsf2
 .text          0x000007ea       0x60 c:/winavr-20100110/bin/../lib/gcc/avr/4.3.3/avr5\libgcc.a(_ge_sf.o)
                0x000007ea                __gesf2
 .text          0x0000084a       0x60 c:/winavr-20100110/bin/../lib/gcc/avr/4.3.3/avr5\libgcc.a(_lt_sf.o)
                0x0000084a                __ltsf2
 .text          0x000008aa       0xa8 c:/winavr-20100110/bin/../lib/gcc/avr/4.3.3/avr5\libgcc.a(_sf_to_si.o)
                0x000008aa                __fixsfsi
 .text          0x00000952        0x0 c:/winavr-20100110/bin/../lib/gcc/avr/4.3.3/avr5\libgcc.a(_thenan_sf.o)
 .text          0x00000952       0xf2 c:/winavr-20100110/bin/../lib/gcc/avr/4.3.3/avr5\libgcc.a(_usi_to_sf.o)
                0x00000952                __floatunsisf
 .text          0x00000a44        0x0 c:/winavr-20100110/bin/../lib/gcc/avr/4.3.3/avr5\libgcc.a(_prologue.o)
 .text          0x00000a44        0x0 c:/winavr-20100110/bin/../lib/gcc/avr/4.3.3/avr5\libgcc.a(_epilogue.o)
 .text          0x00000a44       0x9e c:/winavr-20100110/bin/../lib/gcc/avr/4.3.3/avr5\libgcc.a(_clzsi2.o)
                0x00000a44                __clzsi2
 .text          0x00000ae2      0x1aa c:/winavr-20100110/bin/../lib/gcc/avr/4.3.3/avr5\libgcc.a(_pack_sf.o)
                0x00000ae2                __pack_f
 .text          0x00000c8c       0xf0 c:/winavr-20100110/bin/../lib/gcc/avr/4.3.3/avr5\libgcc.a(_unpack_sf.o)
                0x00000c8c                __unpack_f
 .text          0x00000d7c       0xb2 c:/winavr-20100110/bin/../lib/gcc/avr/4.3.3/avr5\libgcc.a(_fpcmp_parts_sf.o)
                0x00000d7c                __fpcmp_parts_f
 .text          0x00000e2e        0x0 c:/winavr-20100110/bin/../lib/gcc/avr/4.3.3/avr5\libgcc.a(_clz.o)
 .text          0x00000e2e        0x0 c:/winavr-20100110/bin/../lib/gcc/avr/4.3.3/../../../../avr/lib/avr5\libc.a(ltoa.o)
 .text          0x00000e2e        0x0 c:/winavr-20100110/bin/../lib/gcc/avr/4.3.3/../../../../avr/lib/avr5\libc.a(strrev.o)
                0x00000e2e                . = ALIGN (0x2)
 *(.text.*)
 .text.TIMER0_init
                0x00000e2e      0x196 ./MCAL/Timers/timer0.o
                0x00000e2e                TIMER0_init
 .text.TIMER0_deInit
                0x00000fc4       0x30 ./MCAL/Timers/timer0.o
                0x00000fc4                TIMER0_deInit
 .text.GPIO_setupPinDirection
                0x00000ff4      0x1d6 ./MCAL/GPIO/gpio.o
                0x00000ff4                GPIO_setupPinDirection
 .text.GPIO_writePin
                0x000011ca      0x1d6 ./MCAL/GPIO/gpio.o
                0x000011ca                GPIO_writePin
 .text.GPIO_togglePin
                0x000013a0      0x10a ./MCAL/GPIO/gpio.o
                0x000013a0                GPIO_togglePin
 .text.GPIO_readPin
                0x000014aa      0x128 ./MCAL/GPIO/gpio.o
                0x000014aa                GPIO_readPin
 .text.GPIO_setupPortDirection
                0x000015d2       0x88 ./MCAL/GPIO/gpio.o
                0x000015d2                GPIO_setupPortDirection
 .text.GPIO_writePort
                0x0000165a       0x88 ./MCAL/GPIO/gpio.o
                0x0000165a                GPIO_writePort
 .text.GPIO_readPort
                0x000016e2       0x8a ./MCAL/GPIO/gpio.o
                0x000016e2                GPIO_readPort
 .text.ADC_init
                0x0000176c       0x6e ./MCAL/ADC/adc.o
                0x0000176c                ADC_init
 .text.ADC_readChannel
                0x000017da       0x5c ./MCAL/ADC/adc.o
                0x000017da                ADC_readChannel
 .text.ADC_readChannelBlocking
                0x00001836       0x4a ./MCAL/ADC/adc.o
                0x00001836                ADC_readChannelBlocking
 .text.MOTOR_init
                0x00001880       0x28 ./ECU/Motor/motor.o
                0x00001880                MOTOR_init
 .text.MOTOR_handleTemperature
                0x000018a8       0x60 ./ECU/Motor/motor.o
                0x000018a8                MOTOR_handleTemperature
 .text.LIGHT_init
                0x00001908       0x2e ./ECU/Light/light.o
                0x00001908                LIGHT_init
 .text.LIGHT_handleIntensity
                0x00001936       0x98 ./ECU/Light/light.o
                0x00001936                LIGHT_handleIntensity
 .text.LM35_init
                0x000019ce       0x4a ./ECU/LM35/lm35.o
                0x000019ce                LM35_init
 .text.LM35_getTemp
                0x00001a18       0x9e ./ECU/LM35/lm35.o
                0x00001a18                LM35_getTemp
 .text.LED_init
                0x00001ab6       0x3a ./ECU/LED/led.o
                0x00001ab6                LED_init
 .text.LED_turnOn
                0x00001af0       0x50 ./ECU/LED/led.o
                0x00001af0                LED_turnOn
 .text.LED_turnOff
                0x00001b40       0x4a ./ECU/LED/led.o
                0x00001b40                LED_turnOff
 .text.LED_toggle
                0x00001b8a       0x38 ./ECU/LED/led.o
                0x00001b8a                LED_toggle
 .text.LDR_init
                0x00001bc2       0x42 ./ECU/LDR/ldr.o
                0x00001bc2                LDR_init
 .text.LDR_isLight
                0x00001c04       0x54 ./ECU/LDR/ldr.o
                0x00001c04                LDR_isLight
 .text.LDR_getIntensity
                0x00001c58       0x8e ./ECU/LDR/ldr.o
                0x00001c58                LDR_getIntensity
 .text.LCD_init
                0x00001ce6      0x138 ./ECU/LCD/lcd.o
                0x00001ce6                LCD_init
 .text.LCD_sendCommand
                0x00001e1e      0x3de ./ECU/LCD/lcd.o
                0x00001e1e                LCD_sendCommand
 .text.LCD_displayCharacter
                0x000021fc      0x3de ./ECU/LCD/lcd.o
                0x000021fc                LCD_displayCharacter
 .text.LCD_displayString
                0x000025da       0x52 ./ECU/LCD/lcd.o
                0x000025da                LCD_displayString
 .text.LCD_moveCursor
                0x0000262c       0x84 ./ECU/LCD/lcd.o
                0x0000262c                LCD_moveCursor
 .text.LCD_displayStringRowColumn
                0x000026b0       0x32 ./ECU/LCD/lcd.o
                0x000026b0                LCD_displayStringRowColumn
 .text.LCD_clearScreen
                0x000026e2       0x14 ./ECU/LCD/lcd.o
                0x000026e2                LCD_clearScreen
 .text.LCD_cursorBlink
                0x000026f6       0x14 ./ECU/LCD/lcd.o
                0x000026f6                LCD_cursorBlink
 .text.LCD_displayNumber
                0x0000270a       0x52 ./ECU/LCD/lcd.o
                0x0000270a                LCD_displayNumber
 .text.FLAME_init
                0x0000275c       0x3a ./ECU/FlameSensor/flame.o
                0x0000275c                FLAME_init
 .text.FLAME_isFlame
                0x00002796       0x68 ./ECU/FlameSensor/flame.o
                0x00002796                FLAME_isFlame
 .text.DISPLAY_init
                0x000027fe       0x12 ./ECU/Display/display.o
                0x000027fe                DISPLAY_init
 .text.DISPLAY_showAlarm
                0x00002810       0x1a ./ECU/Display/display.o
                0x00002810                DISPLAY_showAlarm
 .text.DISPLAY_showNormal
                0x0000282a       0x78 ./ECU/Display/display.o
                0x0000282a                DISPLAY_showNormal
 .text.DCMOTOR_init
                0x000028a2       0x96 ./ECU/DCMotor/dcmotor.o
                0x000028a2                DCMOTOR_init
 .text.DCMOTOR_setDir
                0x00002938       0x76 ./ECU/DCMotor/dcmotor.o
                0x00002938                DCMOTOR_setDir
 .text.DCMOTOR_stop
                0x000029ae       0x5c ./ECU/DCMotor/dcmotor.o
                0x000029ae                DCMOTOR_stop
 .text.DCMOTOR_setSpeed
                0x00002a0a       0x48 ./ECU/DCMotor/dcmotor.o
                0x00002a0a                DCMOTOR_setSpeed
 .text.BUZZER_init
                0x00002a52       0x3a ./ECU/Buzzer/buzzer.o
                0x00002a52                BUZZER_init
 .text.BUZZER_turnOn
                0x00002a8c       0x50 ./ECU/Buzzer/buzzer.o
                0x00002a8c                BUZZER_turnOn
 .text.BUZZER_turnOff
                0x00002adc       0x4a ./ECU/Buzzer/buzzer.o
                0x00002adc                BUZZER_turnOff
 .text.BUZZER_toggle
                0x00002b26       0x38 ./ECU/Buzzer/buzzer.o
                0x00002b26                BUZZER_toggle
 .text.ALARM_init
                0x00002b5e       0x1e ./ECU/Alarm/alarm.o
                0x00002b5e                ALARM_init
 .text.ALARM_handleFlame
                0x00002b7c       0x46 ./ECU/Alarm/alarm.o
                0x00002b7c                ALARM_handleFlame
 .text.main     0x00002bc2       0xa8 ./main.o
                0x00002bc2                main
 .text.libgcc   0x00002c6a       0x3e c:/winavr-20100110/bin/../lib/gcc/avr/4.3.3/avr5\libgcc.a(_mulsi3.o)
                0x00002c6a                __mulsi3
 .text.libgcc   0x00002ca8       0x28 c:/winavr-20100110/bin/../lib/gcc/avr/4.3.3/avr5\libgcc.a(_udivmodhi4.o)
                0x00002ca8                __udivmodhi4
 .text.libgcc   0x00002cd0       0x44 c:/winavr-20100110/bin/../lib/gcc/avr/4.3.3/avr5\libgcc.a(_udivmodsi4.o)
                0x00002cd0                __udivmodsi4
 .text.libgcc   0x00002d14        0x0 c:/winavr-20100110/bin/../lib/gcc/avr/4.3.3/avr5\libgcc.a(_exit.o)
 .text.libgcc   0x00002d14        0x0 c:/winavr-20100110/bin/../lib/gcc/avr/4.3.3/avr5\libgcc.a(_copy_data.o)
 .text.libgcc   0x00002d14        0x0 c:/winavr-20100110/bin/../lib/gcc/avr/4.3.3/avr5\libgcc.a(_clear_bss.o)
 .text.libgcc   0x00002d14       0x38 c:/winavr-20100110/bin/../lib/gcc/avr/4.3.3/avr5\libgcc.a(_prologue.o)
                0x00002d14                __prologue_saves__
 .text.libgcc   0x00002d4c       0x36 c:/winavr-20100110/bin/../lib/gcc/avr/4.3.3/avr5\libgcc.a(_epilogue.o)
                0x00002d4c                __epilogue_restores__
 .text.avr-libc
                0x00002d82       0x68 c:/winavr-20100110/bin/../lib/gcc/avr/4.3.3/../../../../avr/lib/avr5\libc.a(ltoa.o)
                0x00002d82                ltoa
 .text.avr-libc
                0x00002dea       0x20 c:/winavr-20100110/bin/../lib/gcc/avr/4.3.3/../../../../avr/lib/avr5\libc.a(strrev.o)
                0x00002dea                strrev
                0x00002e0a                . = ALIGN (0x2)
 *(.fini9)
 .fini9         0x00002e0a        0x0 c:/winavr-20100110/bin/../lib/gcc/avr/4.3.3/avr5\libgcc.a(_exit.o)
                0x00002e0a                exit
                0x00002e0a                _exit
 *(.fini9)
 *(.fini8)
 *(.fini8)
 *(.fini7)
 *(.fini7)
 *(.fini6)
 *(.fini6)
 *(.fini5)
 *(.fini5)
 *(.fini4)
 *(.fini4)
 *(.fini3)
 *(.fini3)
 *(.fini2)
 *(.fini2)
 *(.fini1)
 *(.fini1)
 *(.fini0)
 .fini0         0x00002e0a        0x4 c:/winavr-20100110/bin/../lib/gcc/avr/4.3.3/avr5\libgcc.a(_exit.o)
 *(.fini0)
                0x00002e0e                _etext = .

.data           0x00800060      0x160 load address 0x00002e0e
                0x00800060                PROVIDE (__data_start, .)
 *(.data)
 .data          0x00800060        0x0 c:/winavr-20100110/bin/../lib/gcc/avr/4.3.3/../../../../avr/lib/avr5/crtm32.o
 .data          0x00800060        0x0 ./MCAL/Timers/timer0.o
 .data          0x00800060        0x0 ./MCAL/GPIO/gpio.o
 .data          0x00800060        0x0 ./MCAL/ADC/adc.o
 .data          0x00800060        0x0 ./ECU/Motor/motor.o
 .data          0x00800060        0x0 ./ECU/Light/light.o
 .data          0x00800060        0x0 ./ECU/LM35/lm35.o
 .data          0x00800060        0x0 ./ECU/LED/led.o
 .data          0x00800060        0x0 ./ECU/LDR/ldr.o
 .data          0x00800060        0x0 ./ECU/LCD/lcd.o
 .data          0x00800060        0x0 ./ECU/FlameSensor/flame.o
 .data          0x00800060       0x45 ./ECU/Display/display.o
 .data          0x008000a5        0x0 ./ECU/DCMotor/dcmotor.o
 .data          0x008000a5        0x0 ./ECU/Buzzer/buzzer.o
 .data          0x008000a5        0x0 ./ECU/Alarm/alarm.o
 .data          0x008000a5        0x0 ./main.o
 .data          0x008000a5        0x0 c:/winavr-20100110/bin/../lib/gcc/avr/4.3.3/avr5\libgcc.a(_mulsi3.o)
 .data          0x008000a5        0x0 c:/winavr-20100110/bin/../lib/gcc/avr/4.3.3/avr5\libgcc.a(_udivmodhi4.o)
 .data          0x008000a5        0x0 c:/winavr-20100110/bin/../lib/gcc/avr/4.3.3/avr5\libgcc.a(_udivmodsi4.o)
 .data          0x008000a5        0x0 c:/winavr-20100110/bin/../lib/gcc/avr/4.3.3/avr5\libgcc.a(_exit.o)
 .data          0x008000a5        0x0 c:/winavr-20100110/bin/../lib/gcc/avr/4.3.3/avr5\libgcc.a(_copy_data.o)
 .data          0x008000a5        0x0 c:/winavr-20100110/bin/../lib/gcc/avr/4.3.3/avr5\libgcc.a(_clear_bss.o)
 .data          0x008000a5        0x0 c:/winavr-20100110/bin/../lib/gcc/avr/4.3.3/avr5\libgcc.a(_fixunssfsi.o)
 .data          0x008000a5        0x0 c:/winavr-20100110/bin/../lib/gcc/avr/4.3.3/avr5\libgcc.a(_addsub_sf.o)
 .data          0x008000a5        0x0 c:/winavr-20100110/bin/../lib/gcc/avr/4.3.3/avr5\libgcc.a(_mul_sf.o)
 .data          0x008000a5        0x0 c:/winavr-20100110/bin/../lib/gcc/avr/4.3.3/avr5\libgcc.a(_div_sf.o)
 .data          0x008000a5        0x0 c:/winavr-20100110/bin/../lib/gcc/avr/4.3.3/avr5\libgcc.a(_gt_sf.o)
 .data          0x008000a5        0x0 c:/winavr-20100110/bin/../lib/gcc/avr/4.3.3/avr5\libgcc.a(_ge_sf.o)
 .data          0x008000a5        0x0 c:/winavr-20100110/bin/../lib/gcc/avr/4.3.3/avr5\libgcc.a(_lt_sf.o)
 .data          0x008000a5        0x0 c:/winavr-20100110/bin/../lib/gcc/avr/4.3.3/avr5\libgcc.a(_sf_to_si.o)
 .data          0x008000a5        0x8 c:/winavr-20100110/bin/../lib/gcc/avr/4.3.3/avr5\libgcc.a(_thenan_sf.o)
                0x008000a5                __thenan_sf
 .data          0x008000ad        0x0 c:/winavr-20100110/bin/../lib/gcc/avr/4.3.3/avr5\libgcc.a(_usi_to_sf.o)
 .data          0x008000ad        0x0 c:/winavr-20100110/bin/../lib/gcc/avr/4.3.3/avr5\libgcc.a(_prologue.o)
 .data          0x008000ad        0x0 c:/winavr-20100110/bin/../lib/gcc/avr/4.3.3/avr5\libgcc.a(_epilogue.o)
 .data          0x008000ad        0x0 c:/winavr-20100110/bin/../lib/gcc/avr/4.3.3/avr5\libgcc.a(_clzsi2.o)
 .data          0x008000ad        0x0 c:/winavr-20100110/bin/../lib/gcc/avr/4.3.3/avr5\libgcc.a(_pack_sf.o)
 .data          0x008000ad        0x0 c:/winavr-20100110/bin/../lib/gcc/avr/4.3.3/avr5\libgcc.a(_unpack_sf.o)
 .data          0x008000ad        0x0 c:/winavr-20100110/bin/../lib/gcc/avr/4.3.3/avr5\libgcc.a(_fpcmp_parts_sf.o)
 .data          0x008000ad      0x100 c:/winavr-20100110/bin/../lib/gcc/avr/4.3.3/avr5\libgcc.a(_clz.o)
                0x008000ad                __clz_tab
 .data          0x008001ad        0x0 c:/winavr-20100110/bin/../lib/gcc/avr/4.3.3/../../../../avr/lib/avr5\libc.a(ltoa.o)
 .data          0x008001ad        0x0 c:/winavr-20100110/bin/../lib/gcc/avr/4.3.3/../../../../avr/lib/avr5\libc.a(strrev.o)
 *(.data*)
 .data.g_timer0
                0x008001ad        0x2 ./MCAL/Timers/timer0.o
                0x008001ad                g_timer0
 .data.g_adc1   0x008001af        0x1 ./MCAL/ADC/adc.o
                0x008001af                g_adc1
 .data.g_lm35_1
                0x008001b0        0x1 ./ECU/LM35/lm35.o
                0x008001b0                g_lm35_1
 .data.g_ledRed
                0x008001b1        0x1 ./ECU/LED/led.o
                0x008001b1                g_ledRed
 .data.g_ledGreen
                0x008001b2        0x1 ./ECU/LED/led.o
                0x008001b2                g_ledGreen
 .data.g_ledBlue
                0x008001b3        0x1 ./ECU/LED/led.o
                0x008001b3                g_ledBlue
 .data.g_ldr1   0x008001b4        0x7 ./ECU/LDR/ldr.o
                0x008001b4                g_ldr1
 .data.g_flameSensor1
                0x008001bb        0x1 ./ECU/FlameSensor/flame.o
                0x008001bb                g_flameSensor1
 .data.g_changeLcdView
                0x008001bc        0x1 ./ECU/Display/display.o
                0x008001bc                g_changeLcdView
 .data.g_dcmotor
                0x008001bd        0x2 ./ECU/DCMotor/dcmotor.o
                0x008001bd                g_dcmotor
 .data.g_buzzer1
                0x008001bf        0x1 ./ECU/Buzzer/buzzer.o
                0x008001bf                g_buzzer1
 *(.rodata)
 *(.rodata*)
 *(.gnu.linkonce.d*)
                0x008001c0                . = ALIGN (0x2)
                0x008001c0                _edata = .
                0x008001c0                PROVIDE (__data_end, .)

.bss            0x008001c0        0x5
                0x008001c0                PROVIDE (__bss_start, .)
 *(.bss)
 .bss           0x008001c0        0x0 c:/winavr-20100110/bin/../lib/gcc/avr/4.3.3/../../../../avr/lib/avr5/crtm32.o
 .bss           0x008001c0        0x0 ./MCAL/Timers/timer0.o
 .bss           0x008001c0        0x0 ./MCAL/GPIO/gpio.o
 .bss           0x008001c0        0x0 ./MCAL/ADC/adc.o
 .bss           0x008001c0        0x0 ./ECU/Motor/motor.o
 .bss           0x008001c0        0x0 ./ECU/Light/light.o
 .bss           0x008001c0        0x0 ./ECU/LM35/lm35.o
 .bss           0x008001c0        0x0 ./ECU/LED/led.o
 .bss           0x008001c0        0x0 ./ECU/LDR/ldr.o
 .bss           0x008001c0        0x0 ./ECU/LCD/lcd.o
 .bss           0x008001c0        0x0 ./ECU/FlameSensor/flame.o
 .bss           0x008001c0        0x0 ./ECU/Display/display.o
 .bss           0x008001c0        0x0 ./ECU/DCMotor/dcmotor.o
 .bss           0x008001c0        0x0 ./ECU/Buzzer/buzzer.o
 .bss           0x008001c0        0x0 ./ECU/Alarm/alarm.o
 .bss           0x008001c0        0x0 ./main.o
 .bss           0x008001c0        0x0 c:/winavr-20100110/bin/../lib/gcc/avr/4.3.3/avr5\libgcc.a(_mulsi3.o)
 .bss           0x008001c0        0x0 c:/winavr-20100110/bin/../lib/gcc/avr/4.3.3/avr5\libgcc.a(_udivmodhi4.o)
 .bss           0x008001c0        0x0 c:/winavr-20100110/bin/../lib/gcc/avr/4.3.3/avr5\libgcc.a(_udivmodsi4.o)
 .bss           0x008001c0        0x0 c:/winavr-20100110/bin/../lib/gcc/avr/4.3.3/avr5\libgcc.a(_exit.o)
 .bss           0x008001c0        0x0 c:/winavr-20100110/bin/../lib/gcc/avr/4.3.3/avr5\libgcc.a(_copy_data.o)
 .bss           0x008001c0        0x0 c:/winavr-20100110/bin/../lib/gcc/avr/4.3.3/avr5\libgcc.a(_clear_bss.o)
 .bss           0x008001c0        0x0 c:/winavr-20100110/bin/../lib/gcc/avr/4.3.3/avr5\libgcc.a(_fixunssfsi.o)
 .bss           0x008001c0        0x0 c:/winavr-20100110/bin/../lib/gcc/avr/4.3.3/avr5\libgcc.a(_addsub_sf.o)
 .bss           0x008001c0        0x0 c:/winavr-20100110/bin/../lib/gcc/avr/4.3.3/avr5\libgcc.a(_mul_sf.o)
 .bss           0x008001c0        0x0 c:/winavr-20100110/bin/../lib/gcc/avr/4.3.3/avr5\libgcc.a(_div_sf.o)
 .bss           0x008001c0        0x0 c:/winavr-20100110/bin/../lib/gcc/avr/4.3.3/avr5\libgcc.a(_gt_sf.o)
 .bss           0x008001c0        0x0 c:/winavr-20100110/bin/../lib/gcc/avr/4.3.3/avr5\libgcc.a(_ge_sf.o)
 .bss           0x008001c0        0x0 c:/winavr-20100110/bin/../lib/gcc/avr/4.3.3/avr5\libgcc.a(_lt_sf.o)
 .bss           0x008001c0        0x0 c:/winavr-20100110/bin/../lib/gcc/avr/4.3.3/avr5\libgcc.a(_sf_to_si.o)
 .bss           0x008001c0        0x0 c:/winavr-20100110/bin/../lib/gcc/avr/4.3.3/avr5\libgcc.a(_thenan_sf.o)
 .bss           0x008001c0        0x0 c:/winavr-20100110/bin/../lib/gcc/avr/4.3.3/avr5\libgcc.a(_usi_to_sf.o)
 .bss           0x008001c0        0x0 c:/winavr-20100110/bin/../lib/gcc/avr/4.3.3/avr5\libgcc.a(_prologue.o)
 .bss           0x008001c0        0x0 c:/winavr-20100110/bin/../lib/gcc/avr/4.3.3/avr5\libgcc.a(_epilogue.o)
 .bss           0x008001c0        0x0 c:/winavr-20100110/bin/../lib/gcc/avr/4.3.3/avr5\libgcc.a(_clzsi2.o)
 .bss           0x008001c0        0x0 c:/winavr-20100110/bin/../lib/gcc/avr/4.3.3/avr5\libgcc.a(_pack_sf.o)
 .bss           0x008001c0        0x0 c:/winavr-20100110/bin/../lib/gcc/avr/4.3.3/avr5\libgcc.a(_unpack_sf.o)
 .bss           0x008001c0        0x0 c:/winavr-20100110/bin/../lib/gcc/avr/4.3.3/avr5\libgcc.a(_fpcmp_parts_sf.o)
 .bss           0x008001c0        0x0 c:/winavr-20100110/bin/../lib/gcc/avr/4.3.3/avr5\libgcc.a(_clz.o)
 .bss           0x008001c0        0x0 c:/winavr-20100110/bin/../lib/gcc/avr/4.3.3/../../../../avr/lib/avr5\libc.a(ltoa.o)
 .bss           0x008001c0        0x0 c:/winavr-20100110/bin/../lib/gcc/avr/4.3.3/../../../../avr/lib/avr5\libc.a(strrev.o)
 *(.bss*)
 .bss.g_adc_result
                0x008001c0        0x2 ./MCAL/ADC/adc.o
                0x008001c0                g_adc_result
 .bss.g_flameFlag
                0x008001c2        0x1 ./ECU/Alarm/alarm.o
                0x008001c2                g_flameFlag
 *(COMMON)
 COMMON         0x008001c3        0x1 ./ECU/Motor/motor.o
                0x008001c3                g_temprature
 COMMON         0x008001c4        0x1 ./ECU/Light/light.o
                0x008001c4                g_lightIntensity
                0x008001c5                PROVIDE (__bss_end, .)
                0x00002e0e                __data_load_start = LOADADDR (.data)
                0x00002f6e                __data_load_end = (__data_load_start + SIZEOF (.data))

.noinit         0x008001c5        0x0
                0x008001c5                PROVIDE (__noinit_start, .)
 *(.noinit*)
                0x008001c5                PROVIDE (__noinit_end, .)
                0x008001c5                _end = .
                0x008001c5                PROVIDE (__heap_start, .)

.eeprom         0x00810000        0x0
 *(.eeprom*)
                0x00810000                __eeprom_end = .

.fuse
 *(.fuse)
 *(.lfuse)
 *(.hfuse)
 *(.efuse)

.lock
 *(.lock*)

.signature
 *(.signature*)

.stab
 *(.stab)

.stabstr
 *(.stabstr)

.stab.excl
 *(.stab.excl)

.stab.exclstr
 *(.stab.exclstr)

.stab.index
 *(.stab.index)

.stab.indexstr
 *(.stab.indexstr)

.comment
 *(.comment)

.debug
 *(.debug)

.line
 *(.line)

.debug_srcinfo
 *(.debug_srcinfo)

.debug_sfnames
 *(.debug_sfnames)

.debug_aranges  0x00000000      0x498
 *(.debug_aranges)
 .debug_aranges
                0x00000000       0x28 ./MCAL/Timers/timer0.o
 .debug_aranges
                0x00000028       0x50 ./MCAL/GPIO/gpio.o
 .debug_aranges
                0x00000078       0x30 ./MCAL/ADC/adc.o
 .debug_aranges
                0x000000a8       0x28 ./ECU/Motor/motor.o
 .debug_aranges
                0x000000d0       0x28 ./ECU/Light/light.o
 .debug_aranges
                0x000000f8       0x28 ./ECU/LM35/lm35.o
 .debug_aranges
                0x00000120       0x38 ./ECU/LED/led.o
 .debug_aranges
                0x00000158       0x30 ./ECU/LDR/ldr.o
 .debug_aranges
                0x00000188       0x60 ./ECU/LCD/lcd.o
 .debug_aranges
                0x000001e8       0x28 ./ECU/FlameSensor/flame.o
 .debug_aranges
                0x00000210       0x30 ./ECU/Display/display.o
 .debug_aranges
                0x00000240       0x38 ./ECU/DCMotor/dcmotor.o
 .debug_aranges
                0x00000278       0x38 ./ECU/Buzzer/buzzer.o
 .debug_aranges
                0x000002b0       0x28 ./ECU/Alarm/alarm.o
 .debug_aranges
                0x000002d8       0x20 ./main.o
 .debug_aranges
                0x000002f8       0x20 c:/winavr-20100110/bin/../lib/gcc/avr/4.3.3/avr5\libgcc.a(_fixunssfsi.o)
 .debug_aranges
                0x00000318       0x20 c:/winavr-20100110/bin/../lib/gcc/avr/4.3.3/avr5\libgcc.a(_addsub_sf.o)
 .debug_aranges
                0x00000338       0x20 c:/winavr-20100110/bin/../lib/gcc/avr/4.3.3/avr5\libgcc.a(_mul_sf.o)
 .debug_aranges
                0x00000358       0x20 c:/winavr-20100110/bin/../lib/gcc/avr/4.3.3/avr5\libgcc.a(_div_sf.o)
 .debug_aranges
                0x00000378       0x20 c:/winavr-20100110/bin/../lib/gcc/avr/4.3.3/avr5\libgcc.a(_gt_sf.o)
 .debug_aranges
                0x00000398       0x20 c:/winavr-20100110/bin/../lib/gcc/avr/4.3.3/avr5\libgcc.a(_ge_sf.o)
 .debug_aranges
                0x000003b8       0x20 c:/winavr-20100110/bin/../lib/gcc/avr/4.3.3/avr5\libgcc.a(_lt_sf.o)
 .debug_aranges
                0x000003d8       0x20 c:/winavr-20100110/bin/../lib/gcc/avr/4.3.3/avr5\libgcc.a(_sf_to_si.o)
 .debug_aranges
                0x000003f8       0x20 c:/winavr-20100110/bin/../lib/gcc/avr/4.3.3/avr5\libgcc.a(_usi_to_sf.o)
 .debug_aranges
                0x00000418       0x20 c:/winavr-20100110/bin/../lib/gcc/avr/4.3.3/avr5\libgcc.a(_clzsi2.o)
 .debug_aranges
                0x00000438       0x20 c:/winavr-20100110/bin/../lib/gcc/avr/4.3.3/avr5\libgcc.a(_pack_sf.o)
 .debug_aranges
                0x00000458       0x20 c:/winavr-20100110/bin/../lib/gcc/avr/4.3.3/avr5\libgcc.a(_unpack_sf.o)
 .debug_aranges
                0x00000478       0x20 c:/winavr-20100110/bin/../lib/gcc/avr/4.3.3/avr5\libgcc.a(_fpcmp_parts_sf.o)

.debug_pubnames
                0x00000000      0x793
 *(.debug_pubnames)
 .debug_pubnames
                0x00000000       0x41 ./MCAL/Timers/timer0.o
 .debug_pubnames
                0x00000041       0xa4 ./MCAL/GPIO/gpio.o
 .debug_pubnames
                0x000000e5       0x6b ./MCAL/ADC/adc.o
 .debug_pubnames
                0x00000150       0x4e ./ECU/Motor/motor.o
 .debug_pubnames
                0x0000019e       0x50 ./ECU/Light/light.o
 .debug_pubnames
                0x000001ee       0x3e ./ECU/LM35/lm35.o
 .debug_pubnames
                0x0000022c       0x77 ./ECU/LED/led.o
 .debug_pubnames
                0x000002a3       0x4f ./ECU/LDR/ldr.o
 .debug_pubnames
                0x000002f2       0xd2 ./ECU/LCD/lcd.o
 .debug_pubnames
                0x000003c4       0x46 ./ECU/FlameSensor/flame.o
 .debug_pubnames
                0x0000040a       0x64 ./ECU/Display/display.o
 .debug_pubnames
                0x0000046e       0x6a ./ECU/DCMotor/dcmotor.o
 .debug_pubnames
                0x000004d8       0x67 ./ECU/Buzzer/buzzer.o
 .debug_pubnames
                0x0000053f       0x47 ./ECU/Alarm/alarm.o
 .debug_pubnames
                0x00000586       0x1b ./main.o
 .debug_pubnames
                0x000005a1       0x23 c:/winavr-20100110/bin/../lib/gcc/avr/4.3.3/avr5\libgcc.a(_fixunssfsi.o)
 .debug_pubnames
                0x000005c4       0x2c c:/winavr-20100110/bin/../lib/gcc/avr/4.3.3/avr5\libgcc.a(_addsub_sf.o)
 .debug_pubnames
                0x000005f0       0x1f c:/winavr-20100110/bin/../lib/gcc/avr/4.3.3/avr5\libgcc.a(_mul_sf.o)
 .debug_pubnames
                0x0000060f       0x1f c:/winavr-20100110/bin/../lib/gcc/avr/4.3.3/avr5\libgcc.a(_div_sf.o)
 .debug_pubnames
                0x0000062e       0x1e c:/winavr-20100110/bin/../lib/gcc/avr/4.3.3/avr5\libgcc.a(_gt_sf.o)
 .debug_pubnames
                0x0000064c       0x1e c:/winavr-20100110/bin/../lib/gcc/avr/4.3.3/avr5\libgcc.a(_ge_sf.o)
 .debug_pubnames
                0x0000066a       0x1e c:/winavr-20100110/bin/../lib/gcc/avr/4.3.3/avr5\libgcc.a(_lt_sf.o)
 .debug_pubnames
                0x00000688       0x20 c:/winavr-20100110/bin/../lib/gcc/avr/4.3.3/avr5\libgcc.a(_sf_to_si.o)
 .debug_pubnames
                0x000006a8       0x22 c:/winavr-20100110/bin/../lib/gcc/avr/4.3.3/avr5\libgcc.a(_thenan_sf.o)
 .debug_pubnames
                0x000006ca       0x24 c:/winavr-20100110/bin/../lib/gcc/avr/4.3.3/avr5\libgcc.a(_usi_to_sf.o)
 .debug_pubnames
                0x000006ee       0x1f c:/winavr-20100110/bin/../lib/gcc/avr/4.3.3/avr5\libgcc.a(_clzsi2.o)
 .debug_pubnames
                0x0000070d       0x1f c:/winavr-20100110/bin/../lib/gcc/avr/4.3.3/avr5\libgcc.a(_pack_sf.o)
 .debug_pubnames
                0x0000072c       0x21 c:/winavr-20100110/bin/../lib/gcc/avr/4.3.3/avr5\libgcc.a(_unpack_sf.o)
 .debug_pubnames
                0x0000074d       0x26 c:/winavr-20100110/bin/../lib/gcc/avr/4.3.3/avr5\libgcc.a(_fpcmp_parts_sf.o)
 .debug_pubnames
                0x00000773       0x20 c:/winavr-20100110/bin/../lib/gcc/avr/4.3.3/avr5\libgcc.a(_clz.o)

.debug_info     0x00000000     0x44b1
 *(.debug_info)
 .debug_info    0x00000000      0x330 ./MCAL/Timers/timer0.o
 .debug_info    0x00000330      0x299 ./MCAL/GPIO/gpio.o
 .debug_info    0x000005c9      0x334 ./MCAL/ADC/adc.o
 .debug_info    0x000008fd      0x1f0 ./ECU/Motor/motor.o
 .debug_info    0x00000aed      0x1da ./ECU/Light/light.o
 .debug_info    0x00000cc7      0x1ac ./ECU/LM35/lm35.o
 .debug_info    0x00000e73      0x1b6 ./ECU/LED/led.o
 .debug_info    0x00001029      0x20b ./ECU/LDR/ldr.o
 .debug_info    0x00001234      0x5b2 ./ECU/LCD/lcd.o
 .debug_info    0x000017e6      0x153 ./ECU/FlameSensor/flame.o
 .debug_info    0x00001939      0x116 ./ECU/Display/display.o
 .debug_info    0x00001a4f      0x26a ./ECU/DCMotor/dcmotor.o
 .debug_info    0x00001cb9      0x192 ./ECU/Buzzer/buzzer.o
 .debug_info    0x00001e4b      0x16f ./ECU/Alarm/alarm.o
 .debug_info    0x00001fba       0xec ./main.o
 .debug_info    0x000020a6       0xb1 c:/winavr-20100110/bin/../lib/gcc/avr/4.3.3/avr5\libgcc.a(_fixunssfsi.o)
 .debug_info    0x00002157      0x47a c:/winavr-20100110/bin/../lib/gcc/avr/4.3.3/avr5\libgcc.a(_addsub_sf.o)
 .debug_info    0x000025d1      0x485 c:/winavr-20100110/bin/../lib/gcc/avr/4.3.3/avr5\libgcc.a(_mul_sf.o)
 .debug_info    0x00002a56      0x3fc c:/winavr-20100110/bin/../lib/gcc/avr/4.3.3/avr5\libgcc.a(_div_sf.o)
 .debug_info    0x00002e52      0x27f c:/winavr-20100110/bin/../lib/gcc/avr/4.3.3/avr5\libgcc.a(_gt_sf.o)
 .debug_info    0x000030d1      0x27f c:/winavr-20100110/bin/../lib/gcc/avr/4.3.3/avr5\libgcc.a(_ge_sf.o)
 .debug_info    0x00003350      0x27f c:/winavr-20100110/bin/../lib/gcc/avr/4.3.3/avr5\libgcc.a(_lt_sf.o)
 .debug_info    0x000035cf      0x2b0 c:/winavr-20100110/bin/../lib/gcc/avr/4.3.3/avr5\libgcc.a(_sf_to_si.o)
 .debug_info    0x0000387f      0x12c c:/winavr-20100110/bin/../lib/gcc/avr/4.3.3/avr5\libgcc.a(_thenan_sf.o)
 .debug_info    0x000039ab      0x206 c:/winavr-20100110/bin/../lib/gcc/avr/4.3.3/avr5\libgcc.a(_usi_to_sf.o)
 .debug_info    0x00003bb1      0x117 c:/winavr-20100110/bin/../lib/gcc/avr/4.3.3/avr5\libgcc.a(_clzsi2.o)
 .debug_info    0x00003cc8      0x2df c:/winavr-20100110/bin/../lib/gcc/avr/4.3.3/avr5\libgcc.a(_pack_sf.o)
 .debug_info    0x00003fa7      0x251 c:/winavr-20100110/bin/../lib/gcc/avr/4.3.3/avr5\libgcc.a(_unpack_sf.o)
 .debug_info    0x000041f8      0x210 c:/winavr-20100110/bin/../lib/gcc/avr/4.3.3/avr5\libgcc.a(_fpcmp_parts_sf.o)
 .debug_info    0x00004408       0xa9 c:/winavr-20100110/bin/../lib/gcc/avr/4.3.3/avr5\libgcc.a(_clz.o)
 *(.gnu.linkonce.wi.*)

.debug_abbrev   0x00000000     0x209d
 *(.debug_abbrev)
 .debug_abbrev  0x00000000      0x10d ./MCAL/Timers/timer0.o
 .debug_abbrev  0x0000010d       0xeb ./MCAL/GPIO/gpio.o
 .debug_abbrev  0x000001f8      0x110 ./MCAL/ADC/adc.o
 .debug_abbrev  0x00000308       0xbf ./ECU/Motor/motor.o
 .debug_abbrev  0x000003c7       0xdd ./ECU/Light/light.o
 .debug_abbrev  0x000004a4      0x101 ./ECU/LM35/lm35.o
 .debug_abbrev  0x000005a5       0xc8 ./ECU/LED/led.o
 .debug_abbrev  0x0000066d      0x110 ./ECU/LDR/ldr.o
 .debug_abbrev  0x0000077d      0x150 ./ECU/LCD/lcd.o
 .debug_abbrev  0x000008cd       0xe1 ./ECU/FlameSensor/flame.o
 .debug_abbrev  0x000009ae       0x88 ./ECU/Display/display.o
 .debug_abbrev  0x00000a36       0xfc ./ECU/DCMotor/dcmotor.o
 .debug_abbrev  0x00000b32       0xc8 ./ECU/Buzzer/buzzer.o
 .debug_abbrev  0x00000bfa       0xa9 ./ECU/Alarm/alarm.o
 .debug_abbrev  0x00000ca3       0x74 ./main.o
 .debug_abbrev  0x00000d17       0x5d c:/winavr-20100110/bin/../lib/gcc/avr/4.3.3/avr5\libgcc.a(_fixunssfsi.o)
 .debug_abbrev  0x00000d74      0x1ea c:/winavr-20100110/bin/../lib/gcc/avr/4.3.3/avr5\libgcc.a(_addsub_sf.o)
 .debug_abbrev  0x00000f5e      0x21b c:/winavr-20100110/bin/../lib/gcc/avr/4.3.3/avr5\libgcc.a(_mul_sf.o)
 .debug_abbrev  0x00001179      0x216 c:/winavr-20100110/bin/../lib/gcc/avr/4.3.3/avr5\libgcc.a(_div_sf.o)
 .debug_abbrev  0x0000138f      0x15a c:/winavr-20100110/bin/../lib/gcc/avr/4.3.3/avr5\libgcc.a(_gt_sf.o)
 .debug_abbrev  0x000014e9      0x15a c:/winavr-20100110/bin/../lib/gcc/avr/4.3.3/avr5\libgcc.a(_ge_sf.o)
 .debug_abbrev  0x00001643      0x15a c:/winavr-20100110/bin/../lib/gcc/avr/4.3.3/avr5\libgcc.a(_lt_sf.o)
 .debug_abbrev  0x0000179d      0x17f c:/winavr-20100110/bin/../lib/gcc/avr/4.3.3/avr5\libgcc.a(_sf_to_si.o)
 .debug_abbrev  0x0000191c       0xad c:/winavr-20100110/bin/../lib/gcc/avr/4.3.3/avr5\libgcc.a(_thenan_sf.o)
 .debug_abbrev  0x000019c9      0x157 c:/winavr-20100110/bin/../lib/gcc/avr/4.3.3/avr5\libgcc.a(_usi_to_sf.o)
 .debug_abbrev  0x00001b20       0xc4 c:/winavr-20100110/bin/../lib/gcc/avr/4.3.3/avr5\libgcc.a(_clzsi2.o)
 .debug_abbrev  0x00001be4      0x1c0 c:/winavr-20100110/bin/../lib/gcc/avr/4.3.3/avr5\libgcc.a(_pack_sf.o)
 .debug_abbrev  0x00001da4      0x154 c:/winavr-20100110/bin/../lib/gcc/avr/4.3.3/avr5\libgcc.a(_unpack_sf.o)
 .debug_abbrev  0x00001ef8      0x13b c:/winavr-20100110/bin/../lib/gcc/avr/4.3.3/avr5\libgcc.a(_fpcmp_parts_sf.o)
 .debug_abbrev  0x00002033       0x6a c:/winavr-20100110/bin/../lib/gcc/avr/4.3.3/avr5\libgcc.a(_clz.o)

.debug_line     0x00000000     0x4285
 *(.debug_line)
 .debug_line    0x00000000      0x31a ./MCAL/Timers/timer0.o
 .debug_line    0x0000031a      0x4b7 ./MCAL/GPIO/gpio.o
 .debug_line    0x000007d1      0x31b ./MCAL/ADC/adc.o
 .debug_line    0x00000aec      0x24c ./ECU/Motor/motor.o
 .debug_line    0x00000d38      0x26b ./ECU/Light/light.o
 .debug_line    0x00000fa3      0x31d ./ECU/LM35/lm35.o
 .debug_line    0x000012c0      0x2bf ./ECU/LED/led.o
 .debug_line    0x0000157f      0x30f ./ECU/LDR/ldr.o
 .debug_line    0x0000188e      0x7e1 ./ECU/LCD/lcd.o
 .debug_line    0x0000206f      0x29f ./ECU/FlameSensor/flame.o
 .debug_line    0x0000230e      0x2d1 ./ECU/Display/display.o
 .debug_line    0x000025df      0x388 ./ECU/DCMotor/dcmotor.o
 .debug_line    0x00002967      0x2d1 ./ECU/Buzzer/buzzer.o
 .debug_line    0x00002c38      0x244 ./ECU/Alarm/alarm.o
 .debug_line    0x00002e7c      0x233 ./main.o
 .debug_line    0x000030af       0xa7 c:/winavr-20100110/bin/../lib/gcc/avr/4.3.3/avr5\libgcc.a(_fixunssfsi.o)
 .debug_line    0x00003156      0x2af c:/winavr-20100110/bin/../lib/gcc/avr/4.3.3/avr5\libgcc.a(_addsub_sf.o)
 .debug_line    0x00003405      0x239 c:/winavr-20100110/bin/../lib/gcc/avr/4.3.3/avr5\libgcc.a(_mul_sf.o)
 .debug_line    0x0000363e      0x1d5 c:/winavr-20100110/bin/../lib/gcc/avr/4.3.3/avr5\libgcc.a(_div_sf.o)
 .debug_line    0x00003813       0xd3 c:/winavr-20100110/bin/../lib/gcc/avr/4.3.3/avr5\libgcc.a(_gt_sf.o)
 .debug_line    0x000038e6       0xd3 c:/winavr-20100110/bin/../lib/gcc/avr/4.3.3/avr5\libgcc.a(_ge_sf.o)
 .debug_line    0x000039b9       0xd3 c:/winavr-20100110/bin/../lib/gcc/avr/4.3.3/avr5\libgcc.a(_lt_sf.o)
 .debug_line    0x00003a8c      0x109 c:/winavr-20100110/bin/../lib/gcc/avr/4.3.3/avr5\libgcc.a(_sf_to_si.o)
 .debug_line    0x00003b95       0x90 c:/winavr-20100110/bin/../lib/gcc/avr/4.3.3/avr5\libgcc.a(_thenan_sf.o)
 .debug_line    0x00003c25      0x133 c:/winavr-20100110/bin/../lib/gcc/avr/4.3.3/avr5\libgcc.a(_usi_to_sf.o)
 .debug_line    0x00003d58       0xa5 c:/winavr-20100110/bin/../lib/gcc/avr/4.3.3/avr5\libgcc.a(_clzsi2.o)
 .debug_line    0x00003dfd      0x18a c:/winavr-20100110/bin/../lib/gcc/avr/4.3.3/avr5\libgcc.a(_pack_sf.o)
 .debug_line    0x00003f87      0x14b c:/winavr-20100110/bin/../lib/gcc/avr/4.3.3/avr5\libgcc.a(_unpack_sf.o)
 .debug_line    0x000040d2      0x137 c:/winavr-20100110/bin/../lib/gcc/avr/4.3.3/avr5\libgcc.a(_fpcmp_parts_sf.o)
 .debug_line    0x00004209       0x7c c:/winavr-20100110/bin/../lib/gcc/avr/4.3.3/avr5\libgcc.a(_clz.o)

.debug_frame    0x00000000      0x5d0
 *(.debug_frame)
 .debug_frame   0x00000000       0x30 ./MCAL/Timers/timer0.o
 .debug_frame   0x00000030       0x80 ./MCAL/GPIO/gpio.o
 .debug_frame   0x000000b0       0x40 ./MCAL/ADC/adc.o
 .debug_frame   0x000000f0       0x30 ./ECU/Motor/motor.o
 .debug_frame   0x00000120       0x30 ./ECU/Light/light.o
 .debug_frame   0x00000150       0x30 ./ECU/LM35/lm35.o
 .debug_frame   0x00000180       0x50 ./ECU/LED/led.o
 .debug_frame   0x000001d0       0x40 ./ECU/LDR/ldr.o
 .debug_frame   0x00000210       0xa0 ./ECU/LCD/lcd.o
 .debug_frame   0x000002b0       0x30 ./ECU/FlameSensor/flame.o
 .debug_frame   0x000002e0       0x40 ./ECU/Display/display.o
 .debug_frame   0x00000320       0x50 ./ECU/DCMotor/dcmotor.o
 .debug_frame   0x00000370       0x50 ./ECU/Buzzer/buzzer.o
 .debug_frame   0x000003c0       0x30 ./ECU/Alarm/alarm.o
 .debug_frame   0x000003f0       0x20 ./main.o
 .debug_frame   0x00000410       0x20 c:/winavr-20100110/bin/../lib/gcc/avr/4.3.3/avr5\libgcc.a(_fixunssfsi.o)
 .debug_frame   0x00000430       0x40 c:/winavr-20100110/bin/../lib/gcc/avr/4.3.3/avr5\libgcc.a(_addsub_sf.o)
 .debug_frame   0x00000470       0x20 c:/winavr-20100110/bin/../lib/gcc/avr/4.3.3/avr5\libgcc.a(_mul_sf.o)
 .debug_frame   0x00000490       0x20 c:/winavr-20100110/bin/../lib/gcc/avr/4.3.3/avr5\libgcc.a(_div_sf.o)
 .debug_frame   0x000004b0       0x20 c:/winavr-20100110/bin/../lib/gcc/avr/4.3.3/avr5\libgcc.a(_gt_sf.o)
 .debug_frame   0x000004d0       0x20 c:/winavr-20100110/bin/../lib/gcc/avr/4.3.3/avr5\libgcc.a(_ge_sf.o)
 .debug_frame   0x000004f0       0x20 c:/winavr-20100110/bin/../lib/gcc/avr/4.3.3/avr5\libgcc.a(_lt_sf.o)
 .debug_frame   0x00000510       0x20 c:/winavr-20100110/bin/../lib/gcc/avr/4.3.3/avr5\libgcc.a(_sf_to_si.o)
 .debug_frame   0x00000530       0x20 c:/winavr-20100110/bin/../lib/gcc/avr/4.3.3/avr5\libgcc.a(_usi_to_sf.o)
 .debug_frame   0x00000550       0x20 c:/winavr-20100110/bin/../lib/gcc/avr/4.3.3/avr5\libgcc.a(_clzsi2.o)
 .debug_frame   0x00000570       0x20 c:/winavr-20100110/bin/../lib/gcc/avr/4.3.3/avr5\libgcc.a(_pack_sf.o)
 .debug_frame   0x00000590       0x20 c:/winavr-20100110/bin/../lib/gcc/avr/4.3.3/avr5\libgcc.a(_unpack_sf.o)
 .debug_frame   0x000005b0       0x20 c:/winavr-20100110/bin/../lib/gcc/avr/4.3.3/avr5\libgcc.a(_fpcmp_parts_sf.o)

.debug_str      0x00000000      0xe76
 *(.debug_str)
 .debug_str     0x00000000      0x423 ./MCAL/Timers/timer0.o
                                0x464 (size before relaxing)
 .debug_str     0x00000423       0xf3 ./MCAL/GPIO/gpio.o
                                0x265 (size before relaxing)
 .debug_str     0x00000516       0xf4 ./MCAL/ADC/adc.o
                                0x227 (size before relaxing)
 .debug_str     0x0000060a      0x145 ./ECU/Motor/motor.o
                                0x283 (size before relaxing)
 .debug_str     0x0000074f       0xbb ./ECU/Light/light.o
                                0x1fa (size before relaxing)
 .debug_str     0x0000080a       0x42 ./ECU/LM35/lm35.o
                                0x1ca (size before relaxing)
 .debug_str     0x0000084c       0x3c ./ECU/LED/led.o
                                0x1b0 (size before relaxing)
 .debug_str     0x00000888       0x52 ./ECU/LDR/ldr.o
                                0x1ea (size before relaxing)
 .debug_str     0x000008da      0x117 ./ECU/LCD/lcd.o
                                0x2df (size before relaxing)
 .debug_str     0x000009f1       0x62 ./ECU/FlameSensor/flame.o
                                0x1af (size before relaxing)
 .debug_str     0x00000a53       0x5b ./ECU/Display/display.o
                                0x1dc (size before relaxing)
 .debug_str     0x00000aae       0x59 ./ECU/DCMotor/dcmotor.o
                                0x23f (size before relaxing)
 .debug_str     0x00000b07       0x74 ./ECU/Buzzer/buzzer.o
                                0x1bb (size before relaxing)
 .debug_str     0x00000b7b       0x3e ./ECU/Alarm/alarm.o
                                0x1b7 (size before relaxing)
 .debug_str     0x00000bb9       0x16 ./main.o
                                0x183 (size before relaxing)
 .debug_str     0x00000bcf       0x80 c:/winavr-20100110/bin/../lib/gcc/avr/4.3.3/avr5\libgcc.a(_fixunssfsi.o)
                                 0xfe (size before relaxing)
 .debug_str     0x00000c4f      0x13d c:/winavr-20100110/bin/../lib/gcc/avr/4.3.3/avr5\libgcc.a(_addsub_sf.o)
                                0x206 (size before relaxing)
 .debug_str     0x00000d8c       0x27 c:/winavr-20100110/bin/../lib/gcc/avr/4.3.3/avr5\libgcc.a(_mul_sf.o)
                                0x1bf (size before relaxing)
 .debug_str     0x00000db3       0x35 c:/winavr-20100110/bin/../lib/gcc/avr/4.3.3/avr5\libgcc.a(_div_sf.o)
                                0x1c8 (size before relaxing)
 .debug_str     0x00000de8        0x8 c:/winavr-20100110/bin/../lib/gcc/avr/4.3.3/avr5\libgcc.a(_gt_sf.o)
                                0x195 (size before relaxing)
 .debug_str     0x00000df0        0x8 c:/winavr-20100110/bin/../lib/gcc/avr/4.3.3/avr5\libgcc.a(_ge_sf.o)
                                0x195 (size before relaxing)
 .debug_str     0x00000df8        0x8 c:/winavr-20100110/bin/../lib/gcc/avr/4.3.3/avr5\libgcc.a(_lt_sf.o)
                                0x195 (size before relaxing)
 .debug_str     0x00000e00        0xa c:/winavr-20100110/bin/../lib/gcc/avr/4.3.3/avr5\libgcc.a(_sf_to_si.o)
                                0x19e (size before relaxing)
 .debug_str     0x00000000      0x103 c:/winavr-20100110/bin/../lib/gcc/avr/4.3.3/avr5\libgcc.a(_thenan_sf.o)
 .debug_str     0x00000e0a       0x21 c:/winavr-20100110/bin/../lib/gcc/avr/4.3.3/avr5\libgcc.a(_usi_to_sf.o)
                                0x177 (size before relaxing)
 .debug_str     0x00000e2b       0x20 c:/winavr-20100110/bin/../lib/gcc/avr/4.3.3/avr5\libgcc.a(_clzsi2.o)
                                0x111 (size before relaxing)
 .debug_str     0x00000e4b       0x10 c:/winavr-20100110/bin/../lib/gcc/avr/4.3.3/avr5\libgcc.a(_pack_sf.o)
                                0x19d (size before relaxing)
 .debug_str     0x00000e5b        0xb c:/winavr-20100110/bin/../lib/gcc/avr/4.3.3/avr5\libgcc.a(_unpack_sf.o)
                                0x17f (size before relaxing)
 .debug_str     0x00000e66       0x10 c:/winavr-20100110/bin/../lib/gcc/avr/4.3.3/avr5\libgcc.a(_fpcmp_parts_sf.o)
                                0x163 (size before relaxing)
 .debug_str     0x00000000       0xf4 c:/winavr-20100110/bin/../lib/gcc/avr/4.3.3/avr5\libgcc.a(_clz.o)

.debug_loc      0x00000000      0x96e
 *(.debug_loc)
 .debug_loc     0x00000000       0x34 c:/winavr-20100110/bin/../lib/gcc/avr/4.3.3/avr5\libgcc.a(_fixunssfsi.o)
 .debug_loc     0x00000034      0x32a c:/winavr-20100110/bin/../lib/gcc/avr/4.3.3/avr5\libgcc.a(_addsub_sf.o)
 .debug_loc     0x0000035e      0x104 c:/winavr-20100110/bin/../lib/gcc/avr/4.3.3/avr5\libgcc.a(_mul_sf.o)
 .debug_loc     0x00000462       0xc0 c:/winavr-20100110/bin/../lib/gcc/avr/4.3.3/avr5\libgcc.a(_div_sf.o)
 .debug_loc     0x00000522       0x3c c:/winavr-20100110/bin/../lib/gcc/avr/4.3.3/avr5\libgcc.a(_gt_sf.o)
 .debug_loc     0x0000055e       0x3c c:/winavr-20100110/bin/../lib/gcc/avr/4.3.3/avr5\libgcc.a(_ge_sf.o)
 .debug_loc     0x0000059a       0x3c c:/winavr-20100110/bin/../lib/gcc/avr/4.3.3/avr5\libgcc.a(_lt_sf.o)
 .debug_loc     0x000005d6       0x7e c:/winavr-20100110/bin/../lib/gcc/avr/4.3.3/avr5\libgcc.a(_sf_to_si.o)
 .debug_loc     0x00000654       0x4c c:/winavr-20100110/bin/../lib/gcc/avr/4.3.3/avr5\libgcc.a(_usi_to_sf.o)
 .debug_loc     0x000006a0       0x94 c:/winavr-20100110/bin/../lib/gcc/avr/4.3.3/avr5\libgcc.a(_clzsi2.o)
 .debug_loc     0x00000734      0x13e c:/winavr-20100110/bin/../lib/gcc/avr/4.3.3/avr5\libgcc.a(_pack_sf.o)
 .debug_loc     0x00000872       0xac c:/winavr-20100110/bin/../lib/gcc/avr/4.3.3/avr5\libgcc.a(_unpack_sf.o)
 .debug_loc     0x0000091e       0x50 c:/winavr-20100110/bin/../lib/gcc/avr/4.3.3/avr5\libgcc.a(_fpcmp_parts_sf.o)

.debug_macinfo  0x00000000    0x36ff4
 *(.debug_macinfo)
 .debug_macinfo
                0x00000000     0x5273 ./MCAL/Timers/timer0.o
 .debug_macinfo
                0x00005273     0x4e38 ./MCAL/GPIO/gpio.o
 .debug_macinfo
                0x0000a0ab     0x5232 ./MCAL/ADC/adc.o
 .debug_macinfo
                0x0000f2dd     0x1033 ./ECU/Motor/motor.o
 .debug_macinfo
                0x00010310      0xff4 ./ECU/Light/light.o
 .debug_macinfo
                0x00011304     0x4eff ./ECU/LM35/lm35.o
 .debug_macinfo
                0x00016203     0x4e52 ./ECU/LED/led.o
 .debug_macinfo
                0x0001b055     0x4ec8 ./ECU/LDR/ldr.o
 .debug_macinfo
                0x0001ff1d     0x52e0 ./ECU/LCD/lcd.o
 .debug_macinfo
                0x000251fd     0x4e5c ./ECU/FlameSensor/flame.o
 .debug_macinfo
                0x0002a059     0x120c ./ECU/Display/display.o
 .debug_macinfo
                0x0002b265     0x4f15 ./ECU/DCMotor/dcmotor.o
 .debug_macinfo
                0x0003017a     0x4e58 ./ECU/Buzzer/buzzer.o
 .debug_macinfo
                0x00034fd2     0x1004 ./ECU/Alarm/alarm.o
 .debug_macinfo
                0x00035fd6     0x101e ./main.o
OUTPUT(project3SmartHome.elf elf32-avr)
LOAD linker stubs

.debug_ranges   0x00000000      0x2d0
 .debug_ranges  0x00000000       0x20 ./MCAL/Timers/timer0.o
 .debug_ranges  0x00000020       0x48 ./MCAL/GPIO/gpio.o
 .debug_ranges  0x00000068       0x28 ./MCAL/ADC/adc.o
 .debug_ranges  0x00000090       0x20 ./ECU/Motor/motor.o
 .debug_ranges  0x000000b0       0x20 ./ECU/Light/light.o
 .debug_ranges  0x000000d0       0x20 ./ECU/LM35/lm35.o
 .debug_ranges  0x000000f0       0x30 ./ECU/LED/led.o
 .debug_ranges  0x00000120       0x28 ./ECU/LDR/ldr.o
 .debug_ranges  0x00000148       0x58 ./ECU/LCD/lcd.o
 .debug_ranges  0x000001a0       0x20 ./ECU/FlameSensor/flame.o
 .debug_ranges  0x000001c0       0x28 ./ECU/Display/display.o
 .debug_ranges  0x000001e8       0x30 ./ECU/DCMotor/dcmotor.o
 .debug_ranges  0x00000218       0x30 ./ECU/Buzzer/buzzer.o
 .debug_ranges  0x00000248       0x20 ./ECU/Alarm/alarm.o
 .debug_ranges  0x00000268       0x18 ./main.o
 .debug_ranges  0x00000280       0x50 c:/winavr-20100110/bin/../lib/gcc/avr/4.3.3/avr5\libgcc.a(_mul_sf.o)
